// Jest Snapshot v1, https://goo.gl/fbAQLP

exports[`<Modal /> should render with checked false 1`] = `
.c0 {
  display: -webkit-box;
  display: -webkit-flex;
  display: -ms-flexbox;
  display: flex;
  width: 100vw;
  height: 100vh;
  position: absolute;
  top: 0;
  left: 0;
  -webkit-align-items: center;
  -webkit-box-align: center;
  -ms-flex-align: center;
  align-items: center;
  -webkit-box-pack: center;
  -webkit-justify-content: center;
  -ms-flex-pack: center;
  justify-content: center;
  background: rgb(0,0,0,0.5);
  z-index: 3;
}

.c1 {
  display: -webkit-box;
  display: -webkit-flex;
  display: -ms-flexbox;
  display: flex;
  -webkit-flex-direction: column;
  -ms-flex-direction: column;
  flex-direction: column;
  width: 40rem;
  height: 30rem;
  padding: 2.5rem;
  border-radius: 1.5rem;
  position: relative;
  -webkit-animation-duration: 0.5s;
  animation-duration: 0.5s;
  -webkit-animation-name: slidein;
  animation-name: slidein;
  background: #fff;
}

.c2 {
  height: 2rem;
  width: 100%;
  display: -webkit-box;
  display: -webkit-flex;
  display: -ms-flexbox;
  display: flex;
  -webkit-align-items: center;
  -webkit-box-align: center;
  -ms-flex-align: center;
  align-items: center;
  -webkit-box-pack: end;
  -webkit-justify-content: flex-end;
  -ms-flex-pack: end;
  justify-content: flex-end;
}

.c2 a {
  font-size: 3rem;
  color: #A422E3;
}

.c3 {
  height: 100%;
  width: 100%;
  display: -webkit-box;
  display: -webkit-flex;
  display: -ms-flexbox;
  display: flex;
  -webkit-flex-direction: column;
  -ms-flex-direction: column;
  flex-direction: column;
  -webkit-align-items: center;
  -webkit-box-align: center;
  -ms-flex-align: center;
  align-items: center;
  -webkit-box-pack: space-around;
  -webkit-justify-content: space-around;
  -ms-flex-pack: space-around;
  justify-content: space-around;
}

.c4 {
  font-size: 1.8rem;
  text-align: center;
  color: #A422E3;
  white-space: pre-line;
}

.c5 {
  display: -webkit-box;
  display: -webkit-flex;
  display: -ms-flexbox;
  display: flex;
  width: 18rem;
  height: 5rem;
  border-radius: 0.8rem;
  -webkit-align-items: center;
  -webkit-box-align: center;
  -ms-flex-align: center;
  align-items: center;
  -webkit-box-pack: center;
  -webkit-justify-content: center;
  -ms-flex-pack: center;
  justify-content: center;
  cursor: pointer;
  color: #fff;
  font-size: 1.6rem;
  background: #A422E3;
  -webkit-filter: drop-shadow(2px 2px 4px rgba(0,0,0,0.4));
  filter: drop-shadow(2px 2px 4px rgba(0,0,0,0.4));
}

.c5:hover {
  opacity: 0.8;
}

<div>
  <div
    class="c0"
  >
    <div
      class="c1"
    >
      <div
        class="c2"
      >
        <a
          href="#"
        >
          x
        </a>
      </div>
      <div
        class="c3"
      >
        <svg
          color="green"
          data-testid="ok-icon"
          fill="currentColor"
          height="84"
          stroke="currentColor"
          stroke-width="0"
          style="color: green;"
          viewBox="0 0 24 24"
          width="84"
          xmlns="http://www.w3.org/2000/svg"
        >
          <path
            d="M12 2C6.486 2 2 6.486 2 12s4.486 10 10 10 10-4.486 10-10S17.514 2 12 2zm0 18c-4.411 0-8-3.589-8-8s3.589-8 8-8 8 3.589 8 8-3.589 8-8 8z"
          />
          <path
            d="M9.999 13.587 7.7 11.292l-1.412 1.416 3.713 3.705 6.706-6.706-1.414-1.414z"
          />
        </svg>
        <p
          class="c4"
          id="modalText"
        >
          A conta 123-4 foi criada com sucesso
        </p>
        <a
          class="c5"
          id="btnCloseModal"
        >
          Fechar
        </a>
      </div>
    </div>
  </div>
</div>
`;
